../Core/Src/main.c:14:5:_write	24	static
../Core/Src/main.c:22:6:DWT_Init	4	static
../Core/Src/main.c:29:6:delay_us	24	static
../Core/Src/main.c:38:6:Set_Pin_Output	32	static
../Core/Src/main.c:47:6:Set_Pin_Input	32	static
../Core/Src/main.c:58:6:DHT_Start	8	static
../Core/Src/main.c:68:9:DHT_CheckResponse	16	static
../Core/Src/main.c:84:9:DHT_Read	24	static
../Core/Src/main.c:109:5:main	40	static
../Core/Src/main.c:166:13:MX_USART2_UART_Init	8	static
../Core/Src/main.c:181:13:MX_GPIO_Init	32	static
../Core/Src/main.c:194:6:SystemClock_Config	88	static
